{
    "numorph intensity and stitch tiff": {
        "content": [
            9,
            [
                "mat2json",
                "mat2json/numorph_stitch",
                "mat2json/numorph_stitch/TEST1",
                "mat2json/numorph_stitch/TEST1/adj_params.json",
                "mat2json/numorph_stitch/TEST1/adjusted_z.csv",
                "mat2json/numorph_stitch/TEST1/path_table.json",
                "mat2json/numorph_stitch/TEST1/stitch_tforms.json",
                "mat2json/numorph_stitch/TEST1/thresholds.json",
                "mat2json/numorph_stitch/TEST1/z_disp_matrix.json",
                "numorph_intensity",
                "numorph_intensity/TEST1",
                "numorph_intensity/TEST1/NM_variables.mat",
                "numorph_intensity/TEST1/samples",
                "numorph_intensity/TEST1/samples/intensity_adjustment",
                "numorph_intensity/TEST1/samples/intensity_adjustment/ctip2_1_1_11.tif",
                "numorph_intensity/TEST1/samples/intensity_adjustment/ctip2_1_2_11.tif",
                "numorph_intensity/TEST1/samples/intensity_adjustment/ctip2_2_1_11.tif",
                "numorph_intensity/TEST1/samples/intensity_adjustment/ctip2_2_2_11.tif",
                "numorph_intensity/TEST1/samples/intensity_adjustment/flatfield_1.png",
                "numorph_intensity/TEST1/samples/intensity_adjustment/flatfield_2.png",
                "numorph_intensity/TEST1/samples/intensity_adjustment/tile_adj_1.png",
                "numorph_intensity/TEST1/samples/intensity_adjustment/tile_adj_2.png",
                "numorph_intensity/TEST1/samples/intensity_adjustment/topro_1_1_11.tif",
                "numorph_intensity/TEST1/samples/intensity_adjustment/topro_1_2_11.tif",
                "numorph_intensity/TEST1/samples/intensity_adjustment/topro_2_1_11.tif",
                "numorph_intensity/TEST1/samples/intensity_adjustment/topro_2_2_11.tif",
                "numorph_intensity/TEST1/samples/intensity_adjustment/y_adj_1.png",
                "numorph_intensity/TEST1/samples/intensity_adjustment/y_adj_2.png",
                "numorph_intensity/TEST1/variables",
                "numorph_intensity/TEST1/variables/adj_params.mat",
                "numorph_intensity/TEST1/variables/path_table.mat",
                "numorph_intensity/TEST1/variables/thresholds.mat",
                "numorphstitch",
                "numorphstitch/TEST1",
                "numorphstitch/TEST1/NM_variables.mat",
                "numorphstitch/TEST1/stitched",
                "numorphstitch/TEST1/stitched/TEST1_0001_C1_topro_stitched.tif",
                "numorphstitch/TEST1/stitched/TEST1_0001_C2_ctip2_stitched.tif",
                "numorphstitch/TEST1/stitched/TEST1_0002_C1_topro_stitched.tif",
                "numorphstitch/TEST1/stitched/TEST1_0002_C2_ctip2_stitched.tif",
                "numorphstitch/TEST1/stitched/TEST1_0003_C1_topro_stitched.tif",
                "numorphstitch/TEST1/stitched/TEST1_0003_C2_ctip2_stitched.tif",
                "numorphstitch/TEST1/stitched/TEST1_0004_C1_topro_stitched.tif",
                "numorphstitch/TEST1/stitched/TEST1_0004_C2_ctip2_stitched.tif",
                "numorphstitch/TEST1/stitched/TEST1_0005_C1_topro_stitched.tif",
                "numorphstitch/TEST1/stitched/TEST1_0005_C2_ctip2_stitched.tif",
                "numorphstitch/TEST1/stitched/TEST1_0006_C1_topro_stitched.tif",
                "numorphstitch/TEST1/stitched/TEST1_0006_C2_ctip2_stitched.tif",
                "numorphstitch/TEST1/stitched/TEST1_0007_C1_topro_stitched.tif",
                "numorphstitch/TEST1/stitched/TEST1_0007_C2_ctip2_stitched.tif",
                "numorphstitch/TEST1/stitched/TEST1_0008_C1_topro_stitched.tif",
                "numorphstitch/TEST1/stitched/TEST1_0008_C2_ctip2_stitched.tif",
                "numorphstitch/TEST1/stitched/TEST1_0009_C1_topro_stitched.tif",
                "numorphstitch/TEST1/stitched/TEST1_0009_C2_ctip2_stitched.tif",
                "numorphstitch/TEST1/stitched/TEST1_0010_C1_topro_stitched.tif",
                "numorphstitch/TEST1/stitched/TEST1_0010_C2_ctip2_stitched.tif",
                "numorphstitch/TEST1/stitched/TEST1_0011_C1_topro_stitched.tif",
                "numorphstitch/TEST1/stitched/TEST1_0011_C2_ctip2_stitched.tif",
                "numorphstitch/TEST1/stitched/TEST1_0012_C1_topro_stitched.tif",
                "numorphstitch/TEST1/stitched/TEST1_0012_C2_ctip2_stitched.tif",
                "numorphstitch/TEST1/stitched/TEST1_0013_C1_topro_stitched.tif",
                "numorphstitch/TEST1/stitched/TEST1_0013_C2_ctip2_stitched.tif",
                "numorphstitch/TEST1/stitched/TEST1_0014_C1_topro_stitched.tif",
                "numorphstitch/TEST1/stitched/TEST1_0014_C2_ctip2_stitched.tif",
                "numorphstitch/TEST1/stitched/TEST1_0015_C1_topro_stitched.tif",
                "numorphstitch/TEST1/stitched/TEST1_0015_C2_ctip2_stitched.tif",
                "numorphstitch/TEST1/stitched/TEST1_0016_C1_topro_stitched.tif",
                "numorphstitch/TEST1/stitched/TEST1_0016_C2_ctip2_stitched.tif",
                "numorphstitch/TEST1/stitched/TEST1_0017_C1_topro_stitched.tif",
                "numorphstitch/TEST1/stitched/TEST1_0017_C2_ctip2_stitched.tif",
                "numorphstitch/TEST1/stitched/TEST1_0018_C1_topro_stitched.tif",
                "numorphstitch/TEST1/stitched/TEST1_0018_C2_ctip2_stitched.tif",
                "numorphstitch/TEST1/variables",
                "numorphstitch/TEST1/variables/adj_params.mat",
                "numorphstitch/TEST1/variables/adjusted_z.mat",
                "numorphstitch/TEST1/variables/path_table.mat",
                "numorphstitch/TEST1/variables/stitch_tforms.mat",
                "numorphstitch/TEST1/variables/thresholds.mat",
                "numorphstitch/TEST1/variables/z_disp_matrix.mat",
                "pipeline_info",
                "unzip",
                "unzip/TEST1",
                "unzip/TEST1/ctip2_topro",
                "unzip/TEST1/ctip2_topro/16-35-34_WT7R_ctip2_topro_2-5x_0-085NA_4z_UltraII[02 x 02]_C00_xyz-Table Z0600.ome.tif",
                "unzip/TEST1/ctip2_topro/16-35-34_WT7R_ctip2_topro_2-5x_0-085NA_4z_UltraII[02 x 02]_C00_xyz-Table Z0601.ome.tif",
                "unzip/TEST1/ctip2_topro/16-35-34_WT7R_ctip2_topro_2-5x_0-085NA_4z_UltraII[02 x 02]_C00_xyz-Table Z0602.ome.tif",
                "unzip/TEST1/ctip2_topro/16-35-34_WT7R_ctip2_topro_2-5x_0-085NA_4z_UltraII[02 x 02]_C00_xyz-Table Z0603.ome.tif",
                "unzip/TEST1/ctip2_topro/16-35-34_WT7R_ctip2_topro_2-5x_0-085NA_4z_UltraII[02 x 02]_C00_xyz-Table Z0604.ome.tif",
                "unzip/TEST1/ctip2_topro/16-35-34_WT7R_ctip2_topro_2-5x_0-085NA_4z_UltraII[02 x 02]_C00_xyz-Table Z0605.ome.tif",
                "unzip/TEST1/ctip2_topro/16-35-34_WT7R_ctip2_topro_2-5x_0-085NA_4z_UltraII[02 x 02]_C00_xyz-Table Z0606.ome.tif",
                "unzip/TEST1/ctip2_topro/16-35-34_WT7R_ctip2_topro_2-5x_0-085NA_4z_UltraII[02 x 02]_C00_xyz-Table Z0607.ome.tif",
                "unzip/TEST1/ctip2_topro/16-35-34_WT7R_ctip2_topro_2-5x_0-085NA_4z_UltraII[02 x 02]_C00_xyz-Table Z0608.ome.tif",
                "unzip/TEST1/ctip2_topro/16-35-34_WT7R_ctip2_topro_2-5x_0-085NA_4z_UltraII[02 x 02]_C00_xyz-Table Z0609.ome.tif",
                "unzip/TEST1/ctip2_topro/16-35-34_WT7R_ctip2_topro_2-5x_0-085NA_4z_UltraII[02 x 02]_C00_xyz-Table Z0610.ome.tif",
                "unzip/TEST1/ctip2_topro/16-35-34_WT7R_ctip2_topro_2-5x_0-085NA_4z_UltraII[02 x 02]_C00_xyz-Table Z0611.ome.tif",
                "unzip/TEST1/ctip2_topro/16-35-34_WT7R_ctip2_topro_2-5x_0-085NA_4z_UltraII[02 x 02]_C00_xyz-Table Z0612.ome.tif",
                "unzip/TEST1/ctip2_topro/16-35-34_WT7R_ctip2_topro_2-5x_0-085NA_4z_UltraII[02 x 02]_C00_xyz-Table Z0613.ome.tif",
                "unzip/TEST1/ctip2_topro/16-35-34_WT7R_ctip2_topro_2-5x_0-085NA_4z_UltraII[02 x 02]_C00_xyz-Table Z0614.ome.tif",
                "unzip/TEST1/ctip2_topro/16-35-34_WT7R_ctip2_topro_2-5x_0-085NA_4z_UltraII[02 x 02]_C00_xyz-Table Z0615.ome.tif",
                "unzip/TEST1/ctip2_topro/16-35-34_WT7R_ctip2_topro_2-5x_0-085NA_4z_UltraII[02 x 02]_C00_xyz-Table Z0616.ome.tif",
                "unzip/TEST1/ctip2_topro/16-35-34_WT7R_ctip2_topro_2-5x_0-085NA_4z_UltraII[02 x 02]_C00_xyz-Table Z0617.ome.tif",
                "unzip/TEST1/ctip2_topro/16-35-34_WT7R_ctip2_topro_2-5x_0-085NA_4z_UltraII[02 x 02]_C00_xyz-Table Z0618.ome.tif",
                "unzip/TEST1/ctip2_topro/16-35-34_WT7R_ctip2_topro_2-5x_0-085NA_4z_UltraII[02 x 02]_C00_xyz-Table Z0619.ome.tif",
                "unzip/TEST1/ctip2_topro/16-35-34_WT7R_ctip2_topro_2-5x_0-085NA_4z_UltraII[02 x 02]_C00_xyz-Table Z0620.ome.tif",
                "unzip/TEST1/ctip2_topro/16-35-34_WT7R_ctip2_topro_2-5x_0-085NA_4z_UltraII[02 x 02]_C01_xyz-Table Z0600.ome.tif",
                "unzip/TEST1/ctip2_topro/16-35-34_WT7R_ctip2_topro_2-5x_0-085NA_4z_UltraII[02 x 02]_C01_xyz-Table Z0601.ome.tif",
                "unzip/TEST1/ctip2_topro/16-35-34_WT7R_ctip2_topro_2-5x_0-085NA_4z_UltraII[02 x 02]_C01_xyz-Table Z0602.ome.tif",
                "unzip/TEST1/ctip2_topro/16-35-34_WT7R_ctip2_topro_2-5x_0-085NA_4z_UltraII[02 x 02]_C01_xyz-Table Z0603.ome.tif",
                "unzip/TEST1/ctip2_topro/16-35-34_WT7R_ctip2_topro_2-5x_0-085NA_4z_UltraII[02 x 02]_C01_xyz-Table Z0604.ome.tif",
                "unzip/TEST1/ctip2_topro/16-35-34_WT7R_ctip2_topro_2-5x_0-085NA_4z_UltraII[02 x 02]_C01_xyz-Table Z0605.ome.tif",
                "unzip/TEST1/ctip2_topro/16-35-34_WT7R_ctip2_topro_2-5x_0-085NA_4z_UltraII[02 x 02]_C01_xyz-Table Z0606.ome.tif",
                "unzip/TEST1/ctip2_topro/16-35-34_WT7R_ctip2_topro_2-5x_0-085NA_4z_UltraII[02 x 02]_C01_xyz-Table Z0607.ome.tif",
                "unzip/TEST1/ctip2_topro/16-35-34_WT7R_ctip2_topro_2-5x_0-085NA_4z_UltraII[02 x 02]_C01_xyz-Table Z0608.ome.tif",
                "unzip/TEST1/ctip2_topro/16-35-34_WT7R_ctip2_topro_2-5x_0-085NA_4z_UltraII[02 x 02]_C01_xyz-Table Z0609.ome.tif",
                "unzip/TEST1/ctip2_topro/16-35-34_WT7R_ctip2_topro_2-5x_0-085NA_4z_UltraII[02 x 02]_C01_xyz-Table Z0610.ome.tif",
                "unzip/TEST1/ctip2_topro/16-35-34_WT7R_ctip2_topro_2-5x_0-085NA_4z_UltraII[02 x 02]_C01_xyz-Table Z0611.ome.tif",
                "unzip/TEST1/ctip2_topro/16-35-34_WT7R_ctip2_topro_2-5x_0-085NA_4z_UltraII[02 x 02]_C01_xyz-Table Z0612.ome.tif",
                "unzip/TEST1/ctip2_topro/16-35-34_WT7R_ctip2_topro_2-5x_0-085NA_4z_UltraII[02 x 02]_C01_xyz-Table Z0613.ome.tif",
                "unzip/TEST1/ctip2_topro/16-35-34_WT7R_ctip2_topro_2-5x_0-085NA_4z_UltraII[02 x 02]_C01_xyz-Table Z0614.ome.tif",
                "unzip/TEST1/ctip2_topro/16-35-34_WT7R_ctip2_topro_2-5x_0-085NA_4z_UltraII[02 x 02]_C01_xyz-Table Z0615.ome.tif",
                "unzip/TEST1/ctip2_topro/16-35-34_WT7R_ctip2_topro_2-5x_0-085NA_4z_UltraII[02 x 02]_C01_xyz-Table Z0616.ome.tif",
                "unzip/TEST1/ctip2_topro/16-35-34_WT7R_ctip2_topro_2-5x_0-085NA_4z_UltraII[02 x 02]_C01_xyz-Table Z0617.ome.tif",
                "unzip/TEST1/ctip2_topro/16-35-34_WT7R_ctip2_topro_2-5x_0-085NA_4z_UltraII[02 x 02]_C01_xyz-Table Z0618.ome.tif",
                "unzip/TEST1/ctip2_topro/16-35-34_WT7R_ctip2_topro_2-5x_0-085NA_4z_UltraII[02 x 02]_C01_xyz-Table Z0619.ome.tif",
                "unzip/TEST1/ctip2_topro/16-35-34_WT7R_ctip2_topro_2-5x_0-085NA_4z_UltraII[02 x 02]_C01_xyz-Table Z0620.ome.tif",
                "unzip/TEST1/ctip2_topro/16-35-34_WT7R_ctip2_topro_2-5x_0-085NA_4z_UltraII[02 x 03]_C00_xyz-Table Z0600.ome.tif",
                "unzip/TEST1/ctip2_topro/16-35-34_WT7R_ctip2_topro_2-5x_0-085NA_4z_UltraII[02 x 03]_C00_xyz-Table Z0601.ome.tif",
                "unzip/TEST1/ctip2_topro/16-35-34_WT7R_ctip2_topro_2-5x_0-085NA_4z_UltraII[02 x 03]_C00_xyz-Table Z0602.ome.tif",
                "unzip/TEST1/ctip2_topro/16-35-34_WT7R_ctip2_topro_2-5x_0-085NA_4z_UltraII[02 x 03]_C00_xyz-Table Z0603.ome.tif",
                "unzip/TEST1/ctip2_topro/16-35-34_WT7R_ctip2_topro_2-5x_0-085NA_4z_UltraII[02 x 03]_C00_xyz-Table Z0604.ome.tif",
                "unzip/TEST1/ctip2_topro/16-35-34_WT7R_ctip2_topro_2-5x_0-085NA_4z_UltraII[02 x 03]_C00_xyz-Table Z0605.ome.tif",
                "unzip/TEST1/ctip2_topro/16-35-34_WT7R_ctip2_topro_2-5x_0-085NA_4z_UltraII[02 x 03]_C00_xyz-Table Z0606.ome.tif",
                "unzip/TEST1/ctip2_topro/16-35-34_WT7R_ctip2_topro_2-5x_0-085NA_4z_UltraII[02 x 03]_C00_xyz-Table Z0607.ome.tif",
                "unzip/TEST1/ctip2_topro/16-35-34_WT7R_ctip2_topro_2-5x_0-085NA_4z_UltraII[02 x 03]_C00_xyz-Table Z0608.ome.tif",
                "unzip/TEST1/ctip2_topro/16-35-34_WT7R_ctip2_topro_2-5x_0-085NA_4z_UltraII[02 x 03]_C00_xyz-Table Z0609.ome.tif",
                "unzip/TEST1/ctip2_topro/16-35-34_WT7R_ctip2_topro_2-5x_0-085NA_4z_UltraII[02 x 03]_C00_xyz-Table Z0610.ome.tif",
                "unzip/TEST1/ctip2_topro/16-35-34_WT7R_ctip2_topro_2-5x_0-085NA_4z_UltraII[02 x 03]_C00_xyz-Table Z0611.ome.tif",
                "unzip/TEST1/ctip2_topro/16-35-34_WT7R_ctip2_topro_2-5x_0-085NA_4z_UltraII[02 x 03]_C00_xyz-Table Z0612.ome.tif",
                "unzip/TEST1/ctip2_topro/16-35-34_WT7R_ctip2_topro_2-5x_0-085NA_4z_UltraII[02 x 03]_C00_xyz-Table Z0613.ome.tif",
                "unzip/TEST1/ctip2_topro/16-35-34_WT7R_ctip2_topro_2-5x_0-085NA_4z_UltraII[02 x 03]_C00_xyz-Table Z0614.ome.tif",
                "unzip/TEST1/ctip2_topro/16-35-34_WT7R_ctip2_topro_2-5x_0-085NA_4z_UltraII[02 x 03]_C00_xyz-Table Z0615.ome.tif",
                "unzip/TEST1/ctip2_topro/16-35-34_WT7R_ctip2_topro_2-5x_0-085NA_4z_UltraII[02 x 03]_C00_xyz-Table Z0616.ome.tif",
                "unzip/TEST1/ctip2_topro/16-35-34_WT7R_ctip2_topro_2-5x_0-085NA_4z_UltraII[02 x 03]_C00_xyz-Table Z0617.ome.tif",
                "unzip/TEST1/ctip2_topro/16-35-34_WT7R_ctip2_topro_2-5x_0-085NA_4z_UltraII[02 x 03]_C00_xyz-Table Z0618.ome.tif",
                "unzip/TEST1/ctip2_topro/16-35-34_WT7R_ctip2_topro_2-5x_0-085NA_4z_UltraII[02 x 03]_C00_xyz-Table Z0619.ome.tif",
                "unzip/TEST1/ctip2_topro/16-35-34_WT7R_ctip2_topro_2-5x_0-085NA_4z_UltraII[02 x 03]_C00_xyz-Table Z0620.ome.tif",
                "unzip/TEST1/ctip2_topro/16-35-34_WT7R_ctip2_topro_2-5x_0-085NA_4z_UltraII[02 x 03]_C01_xyz-Table Z0600.ome.tif",
                "unzip/TEST1/ctip2_topro/16-35-34_WT7R_ctip2_topro_2-5x_0-085NA_4z_UltraII[02 x 03]_C01_xyz-Table Z0601.ome.tif",
                "unzip/TEST1/ctip2_topro/16-35-34_WT7R_ctip2_topro_2-5x_0-085NA_4z_UltraII[02 x 03]_C01_xyz-Table Z0602.ome.tif",
                "unzip/TEST1/ctip2_topro/16-35-34_WT7R_ctip2_topro_2-5x_0-085NA_4z_UltraII[02 x 03]_C01_xyz-Table Z0603.ome.tif",
                "unzip/TEST1/ctip2_topro/16-35-34_WT7R_ctip2_topro_2-5x_0-085NA_4z_UltraII[02 x 03]_C01_xyz-Table Z0604.ome.tif",
                "unzip/TEST1/ctip2_topro/16-35-34_WT7R_ctip2_topro_2-5x_0-085NA_4z_UltraII[02 x 03]_C01_xyz-Table Z0605.ome.tif",
                "unzip/TEST1/ctip2_topro/16-35-34_WT7R_ctip2_topro_2-5x_0-085NA_4z_UltraII[02 x 03]_C01_xyz-Table Z0606.ome.tif",
                "unzip/TEST1/ctip2_topro/16-35-34_WT7R_ctip2_topro_2-5x_0-085NA_4z_UltraII[02 x 03]_C01_xyz-Table Z0607.ome.tif",
                "unzip/TEST1/ctip2_topro/16-35-34_WT7R_ctip2_topro_2-5x_0-085NA_4z_UltraII[02 x 03]_C01_xyz-Table Z0608.ome.tif",
                "unzip/TEST1/ctip2_topro/16-35-34_WT7R_ctip2_topro_2-5x_0-085NA_4z_UltraII[02 x 03]_C01_xyz-Table Z0609.ome.tif",
                "unzip/TEST1/ctip2_topro/16-35-34_WT7R_ctip2_topro_2-5x_0-085NA_4z_UltraII[02 x 03]_C01_xyz-Table Z0610.ome.tif",
                "unzip/TEST1/ctip2_topro/16-35-34_WT7R_ctip2_topro_2-5x_0-085NA_4z_UltraII[02 x 03]_C01_xyz-Table Z0611.ome.tif",
                "unzip/TEST1/ctip2_topro/16-35-34_WT7R_ctip2_topro_2-5x_0-085NA_4z_UltraII[02 x 03]_C01_xyz-Table Z0612.ome.tif",
                "unzip/TEST1/ctip2_topro/16-35-34_WT7R_ctip2_topro_2-5x_0-085NA_4z_UltraII[02 x 03]_C01_xyz-Table Z0613.ome.tif",
                "unzip/TEST1/ctip2_topro/16-35-34_WT7R_ctip2_topro_2-5x_0-085NA_4z_UltraII[02 x 03]_C01_xyz-Table Z0614.ome.tif",
                "unzip/TEST1/ctip2_topro/16-35-34_WT7R_ctip2_topro_2-5x_0-085NA_4z_UltraII[02 x 03]_C01_xyz-Table Z0615.ome.tif",
                "unzip/TEST1/ctip2_topro/16-35-34_WT7R_ctip2_topro_2-5x_0-085NA_4z_UltraII[02 x 03]_C01_xyz-Table Z0616.ome.tif",
                "unzip/TEST1/ctip2_topro/16-35-34_WT7R_ctip2_topro_2-5x_0-085NA_4z_UltraII[02 x 03]_C01_xyz-Table Z0617.ome.tif",
                "unzip/TEST1/ctip2_topro/16-35-34_WT7R_ctip2_topro_2-5x_0-085NA_4z_UltraII[02 x 03]_C01_xyz-Table Z0618.ome.tif",
                "unzip/TEST1/ctip2_topro/16-35-34_WT7R_ctip2_topro_2-5x_0-085NA_4z_UltraII[02 x 03]_C01_xyz-Table Z0619.ome.tif",
                "unzip/TEST1/ctip2_topro/16-35-34_WT7R_ctip2_topro_2-5x_0-085NA_4z_UltraII[02 x 03]_C01_xyz-Table Z0620.ome.tif",
                "unzip/TEST1/ctip2_topro/16-35-34_WT7R_ctip2_topro_2-5x_0-085NA_4z_UltraII[03 x 02]_C00_xyz-Table Z0600.ome.tif",
                "unzip/TEST1/ctip2_topro/16-35-34_WT7R_ctip2_topro_2-5x_0-085NA_4z_UltraII[03 x 02]_C00_xyz-Table Z0601.ome.tif",
                "unzip/TEST1/ctip2_topro/16-35-34_WT7R_ctip2_topro_2-5x_0-085NA_4z_UltraII[03 x 02]_C00_xyz-Table Z0602.ome.tif",
                "unzip/TEST1/ctip2_topro/16-35-34_WT7R_ctip2_topro_2-5x_0-085NA_4z_UltraII[03 x 02]_C00_xyz-Table Z0603.ome.tif",
                "unzip/TEST1/ctip2_topro/16-35-34_WT7R_ctip2_topro_2-5x_0-085NA_4z_UltraII[03 x 02]_C00_xyz-Table Z0604.ome.tif",
                "unzip/TEST1/ctip2_topro/16-35-34_WT7R_ctip2_topro_2-5x_0-085NA_4z_UltraII[03 x 02]_C00_xyz-Table Z0605.ome.tif",
                "unzip/TEST1/ctip2_topro/16-35-34_WT7R_ctip2_topro_2-5x_0-085NA_4z_UltraII[03 x 02]_C00_xyz-Table Z0606.ome.tif",
                "unzip/TEST1/ctip2_topro/16-35-34_WT7R_ctip2_topro_2-5x_0-085NA_4z_UltraII[03 x 02]_C00_xyz-Table Z0607.ome.tif",
                "unzip/TEST1/ctip2_topro/16-35-34_WT7R_ctip2_topro_2-5x_0-085NA_4z_UltraII[03 x 02]_C00_xyz-Table Z0608.ome.tif",
                "unzip/TEST1/ctip2_topro/16-35-34_WT7R_ctip2_topro_2-5x_0-085NA_4z_UltraII[03 x 02]_C00_xyz-Table Z0609.ome.tif",
                "unzip/TEST1/ctip2_topro/16-35-34_WT7R_ctip2_topro_2-5x_0-085NA_4z_UltraII[03 x 02]_C00_xyz-Table Z0610.ome.tif",
                "unzip/TEST1/ctip2_topro/16-35-34_WT7R_ctip2_topro_2-5x_0-085NA_4z_UltraII[03 x 02]_C00_xyz-Table Z0611.ome.tif",
                "unzip/TEST1/ctip2_topro/16-35-34_WT7R_ctip2_topro_2-5x_0-085NA_4z_UltraII[03 x 02]_C00_xyz-Table Z0612.ome.tif",
                "unzip/TEST1/ctip2_topro/16-35-34_WT7R_ctip2_topro_2-5x_0-085NA_4z_UltraII[03 x 02]_C00_xyz-Table Z0613.ome.tif",
                "unzip/TEST1/ctip2_topro/16-35-34_WT7R_ctip2_topro_2-5x_0-085NA_4z_UltraII[03 x 02]_C00_xyz-Table Z0614.ome.tif",
                "unzip/TEST1/ctip2_topro/16-35-34_WT7R_ctip2_topro_2-5x_0-085NA_4z_UltraII[03 x 02]_C00_xyz-Table Z0615.ome.tif",
                "unzip/TEST1/ctip2_topro/16-35-34_WT7R_ctip2_topro_2-5x_0-085NA_4z_UltraII[03 x 02]_C00_xyz-Table Z0616.ome.tif",
                "unzip/TEST1/ctip2_topro/16-35-34_WT7R_ctip2_topro_2-5x_0-085NA_4z_UltraII[03 x 02]_C00_xyz-Table Z0617.ome.tif",
                "unzip/TEST1/ctip2_topro/16-35-34_WT7R_ctip2_topro_2-5x_0-085NA_4z_UltraII[03 x 02]_C00_xyz-Table Z0618.ome.tif",
                "unzip/TEST1/ctip2_topro/16-35-34_WT7R_ctip2_topro_2-5x_0-085NA_4z_UltraII[03 x 02]_C00_xyz-Table Z0619.ome.tif",
                "unzip/TEST1/ctip2_topro/16-35-34_WT7R_ctip2_topro_2-5x_0-085NA_4z_UltraII[03 x 02]_C00_xyz-Table Z0620.ome.tif",
                "unzip/TEST1/ctip2_topro/16-35-34_WT7R_ctip2_topro_2-5x_0-085NA_4z_UltraII[03 x 02]_C01_xyz-Table Z0600.ome.tif",
                "unzip/TEST1/ctip2_topro/16-35-34_WT7R_ctip2_topro_2-5x_0-085NA_4z_UltraII[03 x 02]_C01_xyz-Table Z0601.ome.tif",
                "unzip/TEST1/ctip2_topro/16-35-34_WT7R_ctip2_topro_2-5x_0-085NA_4z_UltraII[03 x 02]_C01_xyz-Table Z0602.ome.tif",
                "unzip/TEST1/ctip2_topro/16-35-34_WT7R_ctip2_topro_2-5x_0-085NA_4z_UltraII[03 x 02]_C01_xyz-Table Z0603.ome.tif",
                "unzip/TEST1/ctip2_topro/16-35-34_WT7R_ctip2_topro_2-5x_0-085NA_4z_UltraII[03 x 02]_C01_xyz-Table Z0604.ome.tif",
                "unzip/TEST1/ctip2_topro/16-35-34_WT7R_ctip2_topro_2-5x_0-085NA_4z_UltraII[03 x 02]_C01_xyz-Table Z0605.ome.tif",
                "unzip/TEST1/ctip2_topro/16-35-34_WT7R_ctip2_topro_2-5x_0-085NA_4z_UltraII[03 x 02]_C01_xyz-Table Z0606.ome.tif",
                "unzip/TEST1/ctip2_topro/16-35-34_WT7R_ctip2_topro_2-5x_0-085NA_4z_UltraII[03 x 02]_C01_xyz-Table Z0607.ome.tif",
                "unzip/TEST1/ctip2_topro/16-35-34_WT7R_ctip2_topro_2-5x_0-085NA_4z_UltraII[03 x 02]_C01_xyz-Table Z0608.ome.tif",
                "unzip/TEST1/ctip2_topro/16-35-34_WT7R_ctip2_topro_2-5x_0-085NA_4z_UltraII[03 x 02]_C01_xyz-Table Z0609.ome.tif",
                "unzip/TEST1/ctip2_topro/16-35-34_WT7R_ctip2_topro_2-5x_0-085NA_4z_UltraII[03 x 02]_C01_xyz-Table Z0610.ome.tif",
                "unzip/TEST1/ctip2_topro/16-35-34_WT7R_ctip2_topro_2-5x_0-085NA_4z_UltraII[03 x 02]_C01_xyz-Table Z0611.ome.tif",
                "unzip/TEST1/ctip2_topro/16-35-34_WT7R_ctip2_topro_2-5x_0-085NA_4z_UltraII[03 x 02]_C01_xyz-Table Z0612.ome.tif",
                "unzip/TEST1/ctip2_topro/16-35-34_WT7R_ctip2_topro_2-5x_0-085NA_4z_UltraII[03 x 02]_C01_xyz-Table Z0613.ome.tif",
                "unzip/TEST1/ctip2_topro/16-35-34_WT7R_ctip2_topro_2-5x_0-085NA_4z_UltraII[03 x 02]_C01_xyz-Table Z0614.ome.tif",
                "unzip/TEST1/ctip2_topro/16-35-34_WT7R_ctip2_topro_2-5x_0-085NA_4z_UltraII[03 x 02]_C01_xyz-Table Z0615.ome.tif",
                "unzip/TEST1/ctip2_topro/16-35-34_WT7R_ctip2_topro_2-5x_0-085NA_4z_UltraII[03 x 02]_C01_xyz-Table Z0616.ome.tif",
                "unzip/TEST1/ctip2_topro/16-35-34_WT7R_ctip2_topro_2-5x_0-085NA_4z_UltraII[03 x 02]_C01_xyz-Table Z0617.ome.tif",
                "unzip/TEST1/ctip2_topro/16-35-34_WT7R_ctip2_topro_2-5x_0-085NA_4z_UltraII[03 x 02]_C01_xyz-Table Z0618.ome.tif",
                "unzip/TEST1/ctip2_topro/16-35-34_WT7R_ctip2_topro_2-5x_0-085NA_4z_UltraII[03 x 02]_C01_xyz-Table Z0619.ome.tif",
                "unzip/TEST1/ctip2_topro/16-35-34_WT7R_ctip2_topro_2-5x_0-085NA_4z_UltraII[03 x 02]_C01_xyz-Table Z0620.ome.tif",
                "unzip/TEST1/ctip2_topro/16-35-34_WT7R_ctip2_topro_2-5x_0-085NA_4z_UltraII[03 x 03]_C00_xyz-Table Z0600.ome.tif",
                "unzip/TEST1/ctip2_topro/16-35-34_WT7R_ctip2_topro_2-5x_0-085NA_4z_UltraII[03 x 03]_C00_xyz-Table Z0601.ome.tif",
                "unzip/TEST1/ctip2_topro/16-35-34_WT7R_ctip2_topro_2-5x_0-085NA_4z_UltraII[03 x 03]_C00_xyz-Table Z0602.ome.tif",
                "unzip/TEST1/ctip2_topro/16-35-34_WT7R_ctip2_topro_2-5x_0-085NA_4z_UltraII[03 x 03]_C00_xyz-Table Z0603.ome.tif",
                "unzip/TEST1/ctip2_topro/16-35-34_WT7R_ctip2_topro_2-5x_0-085NA_4z_UltraII[03 x 03]_C00_xyz-Table Z0604.ome.tif",
                "unzip/TEST1/ctip2_topro/16-35-34_WT7R_ctip2_topro_2-5x_0-085NA_4z_UltraII[03 x 03]_C00_xyz-Table Z0605.ome.tif",
                "unzip/TEST1/ctip2_topro/16-35-34_WT7R_ctip2_topro_2-5x_0-085NA_4z_UltraII[03 x 03]_C00_xyz-Table Z0606.ome.tif",
                "unzip/TEST1/ctip2_topro/16-35-34_WT7R_ctip2_topro_2-5x_0-085NA_4z_UltraII[03 x 03]_C00_xyz-Table Z0607.ome.tif",
                "unzip/TEST1/ctip2_topro/16-35-34_WT7R_ctip2_topro_2-5x_0-085NA_4z_UltraII[03 x 03]_C00_xyz-Table Z0608.ome.tif",
                "unzip/TEST1/ctip2_topro/16-35-34_WT7R_ctip2_topro_2-5x_0-085NA_4z_UltraII[03 x 03]_C00_xyz-Table Z0609.ome.tif",
                "unzip/TEST1/ctip2_topro/16-35-34_WT7R_ctip2_topro_2-5x_0-085NA_4z_UltraII[03 x 03]_C00_xyz-Table Z0610.ome.tif",
                "unzip/TEST1/ctip2_topro/16-35-34_WT7R_ctip2_topro_2-5x_0-085NA_4z_UltraII[03 x 03]_C00_xyz-Table Z0611.ome.tif",
                "unzip/TEST1/ctip2_topro/16-35-34_WT7R_ctip2_topro_2-5x_0-085NA_4z_UltraII[03 x 03]_C00_xyz-Table Z0612.ome.tif",
                "unzip/TEST1/ctip2_topro/16-35-34_WT7R_ctip2_topro_2-5x_0-085NA_4z_UltraII[03 x 03]_C00_xyz-Table Z0613.ome.tif",
                "unzip/TEST1/ctip2_topro/16-35-34_WT7R_ctip2_topro_2-5x_0-085NA_4z_UltraII[03 x 03]_C00_xyz-Table Z0614.ome.tif",
                "unzip/TEST1/ctip2_topro/16-35-34_WT7R_ctip2_topro_2-5x_0-085NA_4z_UltraII[03 x 03]_C00_xyz-Table Z0615.ome.tif",
                "unzip/TEST1/ctip2_topro/16-35-34_WT7R_ctip2_topro_2-5x_0-085NA_4z_UltraII[03 x 03]_C00_xyz-Table Z0616.ome.tif",
                "unzip/TEST1/ctip2_topro/16-35-34_WT7R_ctip2_topro_2-5x_0-085NA_4z_UltraII[03 x 03]_C00_xyz-Table Z0617.ome.tif",
                "unzip/TEST1/ctip2_topro/16-35-34_WT7R_ctip2_topro_2-5x_0-085NA_4z_UltraII[03 x 03]_C00_xyz-Table Z0618.ome.tif",
                "unzip/TEST1/ctip2_topro/16-35-34_WT7R_ctip2_topro_2-5x_0-085NA_4z_UltraII[03 x 03]_C00_xyz-Table Z0619.ome.tif",
                "unzip/TEST1/ctip2_topro/16-35-34_WT7R_ctip2_topro_2-5x_0-085NA_4z_UltraII[03 x 03]_C00_xyz-Table Z0620.ome.tif",
                "unzip/TEST1/ctip2_topro/16-35-34_WT7R_ctip2_topro_2-5x_0-085NA_4z_UltraII[03 x 03]_C01_xyz-Table Z0600.ome.tif",
                "unzip/TEST1/ctip2_topro/16-35-34_WT7R_ctip2_topro_2-5x_0-085NA_4z_UltraII[03 x 03]_C01_xyz-Table Z0601.ome.tif",
                "unzip/TEST1/ctip2_topro/16-35-34_WT7R_ctip2_topro_2-5x_0-085NA_4z_UltraII[03 x 03]_C01_xyz-Table Z0602.ome.tif",
                "unzip/TEST1/ctip2_topro/16-35-34_WT7R_ctip2_topro_2-5x_0-085NA_4z_UltraII[03 x 03]_C01_xyz-Table Z0603.ome.tif",
                "unzip/TEST1/ctip2_topro/16-35-34_WT7R_ctip2_topro_2-5x_0-085NA_4z_UltraII[03 x 03]_C01_xyz-Table Z0604.ome.tif",
                "unzip/TEST1/ctip2_topro/16-35-34_WT7R_ctip2_topro_2-5x_0-085NA_4z_UltraII[03 x 03]_C01_xyz-Table Z0605.ome.tif",
                "unzip/TEST1/ctip2_topro/16-35-34_WT7R_ctip2_topro_2-5x_0-085NA_4z_UltraII[03 x 03]_C01_xyz-Table Z0606.ome.tif",
                "unzip/TEST1/ctip2_topro/16-35-34_WT7R_ctip2_topro_2-5x_0-085NA_4z_UltraII[03 x 03]_C01_xyz-Table Z0607.ome.tif",
                "unzip/TEST1/ctip2_topro/16-35-34_WT7R_ctip2_topro_2-5x_0-085NA_4z_UltraII[03 x 03]_C01_xyz-Table Z0608.ome.tif",
                "unzip/TEST1/ctip2_topro/16-35-34_WT7R_ctip2_topro_2-5x_0-085NA_4z_UltraII[03 x 03]_C01_xyz-Table Z0609.ome.tif",
                "unzip/TEST1/ctip2_topro/16-35-34_WT7R_ctip2_topro_2-5x_0-085NA_4z_UltraII[03 x 03]_C01_xyz-Table Z0610.ome.tif",
                "unzip/TEST1/ctip2_topro/16-35-34_WT7R_ctip2_topro_2-5x_0-085NA_4z_UltraII[03 x 03]_C01_xyz-Table Z0611.ome.tif",
                "unzip/TEST1/ctip2_topro/16-35-34_WT7R_ctip2_topro_2-5x_0-085NA_4z_UltraII[03 x 03]_C01_xyz-Table Z0612.ome.tif",
                "unzip/TEST1/ctip2_topro/16-35-34_WT7R_ctip2_topro_2-5x_0-085NA_4z_UltraII[03 x 03]_C01_xyz-Table Z0613.ome.tif",
                "unzip/TEST1/ctip2_topro/16-35-34_WT7R_ctip2_topro_2-5x_0-085NA_4z_UltraII[03 x 03]_C01_xyz-Table Z0614.ome.tif",
                "unzip/TEST1/ctip2_topro/16-35-34_WT7R_ctip2_topro_2-5x_0-085NA_4z_UltraII[03 x 03]_C01_xyz-Table Z0615.ome.tif",
                "unzip/TEST1/ctip2_topro/16-35-34_WT7R_ctip2_topro_2-5x_0-085NA_4z_UltraII[03 x 03]_C01_xyz-Table Z0616.ome.tif",
                "unzip/TEST1/ctip2_topro/16-35-34_WT7R_ctip2_topro_2-5x_0-085NA_4z_UltraII[03 x 03]_C01_xyz-Table Z0617.ome.tif",
                "unzip/TEST1/ctip2_topro/16-35-34_WT7R_ctip2_topro_2-5x_0-085NA_4z_UltraII[03 x 03]_C01_xyz-Table Z0618.ome.tif",
                "unzip/TEST1/ctip2_topro/16-35-34_WT7R_ctip2_topro_2-5x_0-085NA_4z_UltraII[03 x 03]_C01_xyz-Table Z0619.ome.tif",
                "unzip/TEST1/ctip2_topro/16-35-34_WT7R_ctip2_topro_2-5x_0-085NA_4z_UltraII[03 x 03]_C01_xyz-Table Z0620.ome.tif"
            ],
            [
                "z_disp_matrix.json:md5,575020a27eee808b03c615e0a80ca506",
                "ctip2_1_1_11.tif:md5,d4220099450790596d1e585f5721eabd",
                "ctip2_1_2_11.tif:md5,e817a5ad26397be4c43f98f9697d19b5",
                "ctip2_2_1_11.tif:md5,1473780c1a0e04276f09b6624fba583c",
                "ctip2_2_2_11.tif:md5,77f71fb498b60ac988e3b59ef5b8c2b2",
                "topro_1_1_11.tif:md5,de62497e95d9efefdcbf00d121a56719",
                "topro_1_2_11.tif:md5,59d29ed8c9a71e3be77a63badeb7040b",
                "topro_2_1_11.tif:md5,b2dd3b0bdfa200461b330fd110263ed9",
                "topro_2_2_11.tif:md5,7e4a4bf21d20fc685d8837651905787d",
                "16-35-34_WT7R_ctip2_topro_2-5x_0-085NA_4z_UltraII[02 x 02]_C00_xyz-Table Z0600.ome.tif:md5,5bceac0b61030e08808592c7bf3e8db0",
                "16-35-34_WT7R_ctip2_topro_2-5x_0-085NA_4z_UltraII[02 x 02]_C00_xyz-Table Z0601.ome.tif:md5,da76c202e5baea80914bb2c0fb357aa3",
                "16-35-34_WT7R_ctip2_topro_2-5x_0-085NA_4z_UltraII[02 x 02]_C00_xyz-Table Z0602.ome.tif:md5,f940ea6590a93301006d990bb1149c49",
                "16-35-34_WT7R_ctip2_topro_2-5x_0-085NA_4z_UltraII[02 x 02]_C00_xyz-Table Z0603.ome.tif:md5,4696a351aae54e5743c727a241bd8054",
                "16-35-34_WT7R_ctip2_topro_2-5x_0-085NA_4z_UltraII[02 x 02]_C00_xyz-Table Z0604.ome.tif:md5,3ea6ccdb7621ce38b6dce54ec427fc68",
                "16-35-34_WT7R_ctip2_topro_2-5x_0-085NA_4z_UltraII[02 x 02]_C00_xyz-Table Z0605.ome.tif:md5,659f6770b9fbbc2e25444e45afbbdca9",
                "16-35-34_WT7R_ctip2_topro_2-5x_0-085NA_4z_UltraII[02 x 02]_C00_xyz-Table Z0606.ome.tif:md5,4a0753196ec13d94197cc1cd664118e9",
                "16-35-34_WT7R_ctip2_topro_2-5x_0-085NA_4z_UltraII[02 x 02]_C00_xyz-Table Z0607.ome.tif:md5,8ac1c9dcb3b4a8c524b3a50710822b22",
                "16-35-34_WT7R_ctip2_topro_2-5x_0-085NA_4z_UltraII[02 x 02]_C00_xyz-Table Z0608.ome.tif:md5,cc90e9010e8af068def04bfa05447bcb",
                "16-35-34_WT7R_ctip2_topro_2-5x_0-085NA_4z_UltraII[02 x 02]_C00_xyz-Table Z0609.ome.tif:md5,9496e9c2f2fab7dc7bf1cd8c426fec2a",
                "16-35-34_WT7R_ctip2_topro_2-5x_0-085NA_4z_UltraII[02 x 02]_C00_xyz-Table Z0610.ome.tif:md5,58b3380cb607b2386054dd0150d5bfe6",
                "16-35-34_WT7R_ctip2_topro_2-5x_0-085NA_4z_UltraII[02 x 02]_C00_xyz-Table Z0611.ome.tif:md5,4bd92251df0a09f284998da07ed9a28a",
                "16-35-34_WT7R_ctip2_topro_2-5x_0-085NA_4z_UltraII[02 x 02]_C00_xyz-Table Z0612.ome.tif:md5,fb687c3253ad67292854396eccadf93f",
                "16-35-34_WT7R_ctip2_topro_2-5x_0-085NA_4z_UltraII[02 x 02]_C00_xyz-Table Z0613.ome.tif:md5,b91d11baeb2f4d4b6facf3c42baf5559",
                "16-35-34_WT7R_ctip2_topro_2-5x_0-085NA_4z_UltraII[02 x 02]_C00_xyz-Table Z0614.ome.tif:md5,9048571bb58c1d53e9f5e78d0aace06f",
                "16-35-34_WT7R_ctip2_topro_2-5x_0-085NA_4z_UltraII[02 x 02]_C00_xyz-Table Z0615.ome.tif:md5,f9bdba923be7efbbfa579078fe482077",
                "16-35-34_WT7R_ctip2_topro_2-5x_0-085NA_4z_UltraII[02 x 02]_C00_xyz-Table Z0616.ome.tif:md5,4300e7df0b119a24cf97759dd60d8d1a",
                "16-35-34_WT7R_ctip2_topro_2-5x_0-085NA_4z_UltraII[02 x 02]_C00_xyz-Table Z0617.ome.tif:md5,f0b8b26c957f54bb5753fb05c5543cce",
                "16-35-34_WT7R_ctip2_topro_2-5x_0-085NA_4z_UltraII[02 x 02]_C00_xyz-Table Z0618.ome.tif:md5,c0acc44a4fb7a3319697c50940866c87",
                "16-35-34_WT7R_ctip2_topro_2-5x_0-085NA_4z_UltraII[02 x 02]_C00_xyz-Table Z0619.ome.tif:md5,6f4f070c8b4f6b7c6d3f250490204344",
                "16-35-34_WT7R_ctip2_topro_2-5x_0-085NA_4z_UltraII[02 x 02]_C00_xyz-Table Z0620.ome.tif:md5,75f49c36b2f68389b74e099f1a511aab",
                "16-35-34_WT7R_ctip2_topro_2-5x_0-085NA_4z_UltraII[02 x 02]_C01_xyz-Table Z0600.ome.tif:md5,877ebc92d32c2627479cb8de90479df3",
                "16-35-34_WT7R_ctip2_topro_2-5x_0-085NA_4z_UltraII[02 x 02]_C01_xyz-Table Z0601.ome.tif:md5,aadb50e79b121c9409233ec9d974c93e",
                "16-35-34_WT7R_ctip2_topro_2-5x_0-085NA_4z_UltraII[02 x 02]_C01_xyz-Table Z0602.ome.tif:md5,8ffa145b84becb2e393ea392b61221e2",
                "16-35-34_WT7R_ctip2_topro_2-5x_0-085NA_4z_UltraII[02 x 02]_C01_xyz-Table Z0603.ome.tif:md5,5485a677ee6120c4335da191b7c71775",
                "16-35-34_WT7R_ctip2_topro_2-5x_0-085NA_4z_UltraII[02 x 02]_C01_xyz-Table Z0604.ome.tif:md5,ac8f0b7af5818f5d847022acdaed148e",
                "16-35-34_WT7R_ctip2_topro_2-5x_0-085NA_4z_UltraII[02 x 02]_C01_xyz-Table Z0605.ome.tif:md5,0d933b1e15250d9f7941a401854597f6",
                "16-35-34_WT7R_ctip2_topro_2-5x_0-085NA_4z_UltraII[02 x 02]_C01_xyz-Table Z0606.ome.tif:md5,fee96a7fcf33a2109a56c9340700468c",
                "16-35-34_WT7R_ctip2_topro_2-5x_0-085NA_4z_UltraII[02 x 02]_C01_xyz-Table Z0607.ome.tif:md5,4c0919d495b2a46361ac9c388ddc4171",
                "16-35-34_WT7R_ctip2_topro_2-5x_0-085NA_4z_UltraII[02 x 02]_C01_xyz-Table Z0608.ome.tif:md5,94d6f32f40d1a4a651878b6d3efa6442",
                "16-35-34_WT7R_ctip2_topro_2-5x_0-085NA_4z_UltraII[02 x 02]_C01_xyz-Table Z0609.ome.tif:md5,c5e47a7f36cf3939a69fe941b265a63e",
                "16-35-34_WT7R_ctip2_topro_2-5x_0-085NA_4z_UltraII[02 x 02]_C01_xyz-Table Z0610.ome.tif:md5,6e0ac8cb6ce0f3ecab8ec32c92d64c75",
                "16-35-34_WT7R_ctip2_topro_2-5x_0-085NA_4z_UltraII[02 x 02]_C01_xyz-Table Z0611.ome.tif:md5,5bbe6e0313b545c92a80fdc449c7eef5",
                "16-35-34_WT7R_ctip2_topro_2-5x_0-085NA_4z_UltraII[02 x 02]_C01_xyz-Table Z0612.ome.tif:md5,b75397c891e3227f6924b7c4e4e07227",
                "16-35-34_WT7R_ctip2_topro_2-5x_0-085NA_4z_UltraII[02 x 02]_C01_xyz-Table Z0613.ome.tif:md5,87c0da116039d2504e6cee762531fc3a",
                "16-35-34_WT7R_ctip2_topro_2-5x_0-085NA_4z_UltraII[02 x 02]_C01_xyz-Table Z0614.ome.tif:md5,34190fa382ba86c19c266267cae274cf",
                "16-35-34_WT7R_ctip2_topro_2-5x_0-085NA_4z_UltraII[02 x 02]_C01_xyz-Table Z0615.ome.tif:md5,a073cedbd1623037337a3bf66a0d2509",
                "16-35-34_WT7R_ctip2_topro_2-5x_0-085NA_4z_UltraII[02 x 02]_C01_xyz-Table Z0616.ome.tif:md5,d14d01971e1067f9c69e8fd3d40658f4",
                "16-35-34_WT7R_ctip2_topro_2-5x_0-085NA_4z_UltraII[02 x 02]_C01_xyz-Table Z0617.ome.tif:md5,be4e0ea00e04d4961a28d9b56ec0ef6a",
                "16-35-34_WT7R_ctip2_topro_2-5x_0-085NA_4z_UltraII[02 x 02]_C01_xyz-Table Z0618.ome.tif:md5,f23178bfeaee7c335e3712a727f7a8f4",
                "16-35-34_WT7R_ctip2_topro_2-5x_0-085NA_4z_UltraII[02 x 02]_C01_xyz-Table Z0619.ome.tif:md5,abdf257747a4a7f221598beed75fcfeb",
                "16-35-34_WT7R_ctip2_topro_2-5x_0-085NA_4z_UltraII[02 x 02]_C01_xyz-Table Z0620.ome.tif:md5,544b6b4cbcbc41282c2a673ce6e5d8f0",
                "16-35-34_WT7R_ctip2_topro_2-5x_0-085NA_4z_UltraII[02 x 03]_C00_xyz-Table Z0600.ome.tif:md5,3f4430ff9848f2e416593b525d6dee55",
                "16-35-34_WT7R_ctip2_topro_2-5x_0-085NA_4z_UltraII[02 x 03]_C00_xyz-Table Z0601.ome.tif:md5,d909260b4a17c58e263b430e8dfdfb75",
                "16-35-34_WT7R_ctip2_topro_2-5x_0-085NA_4z_UltraII[02 x 03]_C00_xyz-Table Z0602.ome.tif:md5,382f40799d7953bea50e93027db11ccd",
                "16-35-34_WT7R_ctip2_topro_2-5x_0-085NA_4z_UltraII[02 x 03]_C00_xyz-Table Z0603.ome.tif:md5,33986578219177e6d193b34b15f7c9b8",
                "16-35-34_WT7R_ctip2_topro_2-5x_0-085NA_4z_UltraII[02 x 03]_C00_xyz-Table Z0604.ome.tif:md5,5579dcfac911e69aa303ec4861b996d2",
                "16-35-34_WT7R_ctip2_topro_2-5x_0-085NA_4z_UltraII[02 x 03]_C00_xyz-Table Z0605.ome.tif:md5,2348dcbc31e2bdfb6c70f3252af90c0b",
                "16-35-34_WT7R_ctip2_topro_2-5x_0-085NA_4z_UltraII[02 x 03]_C00_xyz-Table Z0606.ome.tif:md5,0510c1c30a5a3a2cf4585ea750bb4688",
                "16-35-34_WT7R_ctip2_topro_2-5x_0-085NA_4z_UltraII[02 x 03]_C00_xyz-Table Z0607.ome.tif:md5,13ff8029541013f7edb6f466efe1208b",
                "16-35-34_WT7R_ctip2_topro_2-5x_0-085NA_4z_UltraII[02 x 03]_C00_xyz-Table Z0608.ome.tif:md5,b19fa191e907c0adb0a7617f06aeea4c",
                "16-35-34_WT7R_ctip2_topro_2-5x_0-085NA_4z_UltraII[02 x 03]_C00_xyz-Table Z0609.ome.tif:md5,7853ebadfbde3f8b922ef8ca2caad068",
                "16-35-34_WT7R_ctip2_topro_2-5x_0-085NA_4z_UltraII[02 x 03]_C00_xyz-Table Z0610.ome.tif:md5,5744ea7c8832aca72b42708fea9b1be8",
                "16-35-34_WT7R_ctip2_topro_2-5x_0-085NA_4z_UltraII[02 x 03]_C00_xyz-Table Z0611.ome.tif:md5,5e4dbfe159aacc266237af1d516b34e6",
                "16-35-34_WT7R_ctip2_topro_2-5x_0-085NA_4z_UltraII[02 x 03]_C00_xyz-Table Z0612.ome.tif:md5,caa9d77a6246090cf0c16baa9752cfd1",
                "16-35-34_WT7R_ctip2_topro_2-5x_0-085NA_4z_UltraII[02 x 03]_C00_xyz-Table Z0613.ome.tif:md5,ae832832dec48fdec3d70e4e1ad24d75",
                "16-35-34_WT7R_ctip2_topro_2-5x_0-085NA_4z_UltraII[02 x 03]_C00_xyz-Table Z0614.ome.tif:md5,8b5378a0ff0f6895efa3bc9f0fc0f367",
                "16-35-34_WT7R_ctip2_topro_2-5x_0-085NA_4z_UltraII[02 x 03]_C00_xyz-Table Z0615.ome.tif:md5,786aae2a7e318e753fd35668209d88b4",
                "16-35-34_WT7R_ctip2_topro_2-5x_0-085NA_4z_UltraII[02 x 03]_C00_xyz-Table Z0616.ome.tif:md5,9f7707efd5621381ad1d7105345fea24",
                "16-35-34_WT7R_ctip2_topro_2-5x_0-085NA_4z_UltraII[02 x 03]_C00_xyz-Table Z0617.ome.tif:md5,2fedb7ab7851fe7b645f65697edb63f7",
                "16-35-34_WT7R_ctip2_topro_2-5x_0-085NA_4z_UltraII[02 x 03]_C00_xyz-Table Z0618.ome.tif:md5,7b001437f260d01c84bae46355cfc175",
                "16-35-34_WT7R_ctip2_topro_2-5x_0-085NA_4z_UltraII[02 x 03]_C00_xyz-Table Z0619.ome.tif:md5,3ffe776d5d28d322db1f434cfbd5ae45",
                "16-35-34_WT7R_ctip2_topro_2-5x_0-085NA_4z_UltraII[02 x 03]_C00_xyz-Table Z0620.ome.tif:md5,e749583273099631b0d0353d5e4511e1",
                "16-35-34_WT7R_ctip2_topro_2-5x_0-085NA_4z_UltraII[02 x 03]_C01_xyz-Table Z0600.ome.tif:md5,aaf788f0b67ac02247d33d06311878bd",
                "16-35-34_WT7R_ctip2_topro_2-5x_0-085NA_4z_UltraII[02 x 03]_C01_xyz-Table Z0601.ome.tif:md5,7608e074b61771a2567e9287e4b61cf2",
                "16-35-34_WT7R_ctip2_topro_2-5x_0-085NA_4z_UltraII[02 x 03]_C01_xyz-Table Z0602.ome.tif:md5,bfcd74014e58851cdd1b10f6c002ab67",
                "16-35-34_WT7R_ctip2_topro_2-5x_0-085NA_4z_UltraII[02 x 03]_C01_xyz-Table Z0603.ome.tif:md5,9f5e41ed9be226075660ac14b0c50e86",
                "16-35-34_WT7R_ctip2_topro_2-5x_0-085NA_4z_UltraII[02 x 03]_C01_xyz-Table Z0604.ome.tif:md5,6be760083a55a9484ae27d10dbff1715",
                "16-35-34_WT7R_ctip2_topro_2-5x_0-085NA_4z_UltraII[02 x 03]_C01_xyz-Table Z0605.ome.tif:md5,399b55ada07c5fb15509140df0e08ab0",
                "16-35-34_WT7R_ctip2_topro_2-5x_0-085NA_4z_UltraII[02 x 03]_C01_xyz-Table Z0606.ome.tif:md5,1b0adcd349239c1b9d231d7abe9d209e",
                "16-35-34_WT7R_ctip2_topro_2-5x_0-085NA_4z_UltraII[02 x 03]_C01_xyz-Table Z0607.ome.tif:md5,127e0542db979a61d6179500da7a8686",
                "16-35-34_WT7R_ctip2_topro_2-5x_0-085NA_4z_UltraII[02 x 03]_C01_xyz-Table Z0608.ome.tif:md5,d08fba09b3924f54892016208ac3b3e8",
                "16-35-34_WT7R_ctip2_topro_2-5x_0-085NA_4z_UltraII[02 x 03]_C01_xyz-Table Z0609.ome.tif:md5,2c2af0e64d084ba01dd8def74ebdf8ac",
                "16-35-34_WT7R_ctip2_topro_2-5x_0-085NA_4z_UltraII[02 x 03]_C01_xyz-Table Z0610.ome.tif:md5,9a06fcbd0277220356384ae53b07fe2f",
                "16-35-34_WT7R_ctip2_topro_2-5x_0-085NA_4z_UltraII[02 x 03]_C01_xyz-Table Z0611.ome.tif:md5,c9ad0485e27f394d86e2313f791eb5a8",
                "16-35-34_WT7R_ctip2_topro_2-5x_0-085NA_4z_UltraII[02 x 03]_C01_xyz-Table Z0612.ome.tif:md5,4b143f64580e6ac687dc422b3d2b62fe",
                "16-35-34_WT7R_ctip2_topro_2-5x_0-085NA_4z_UltraII[02 x 03]_C01_xyz-Table Z0613.ome.tif:md5,3b04b738e6081eda29c25840ecc56424",
                "16-35-34_WT7R_ctip2_topro_2-5x_0-085NA_4z_UltraII[02 x 03]_C01_xyz-Table Z0614.ome.tif:md5,7073637f421bf589895d8278b6b76396",
                "16-35-34_WT7R_ctip2_topro_2-5x_0-085NA_4z_UltraII[02 x 03]_C01_xyz-Table Z0615.ome.tif:md5,7c53da56931e1ebca641cf89408cea35",
                "16-35-34_WT7R_ctip2_topro_2-5x_0-085NA_4z_UltraII[02 x 03]_C01_xyz-Table Z0616.ome.tif:md5,70d922572b191bba87db884a6a78de1e",
                "16-35-34_WT7R_ctip2_topro_2-5x_0-085NA_4z_UltraII[02 x 03]_C01_xyz-Table Z0617.ome.tif:md5,0731e9d863155ed413d2304cd39b4c87",
                "16-35-34_WT7R_ctip2_topro_2-5x_0-085NA_4z_UltraII[02 x 03]_C01_xyz-Table Z0618.ome.tif:md5,72a600b34ab829bcdb349de1666b6bbb",
                "16-35-34_WT7R_ctip2_topro_2-5x_0-085NA_4z_UltraII[02 x 03]_C01_xyz-Table Z0619.ome.tif:md5,0d75d4438e4dd40a11aea21576e0db0c",
                "16-35-34_WT7R_ctip2_topro_2-5x_0-085NA_4z_UltraII[02 x 03]_C01_xyz-Table Z0620.ome.tif:md5,dfdcc9e6bb10afcd117a4228e160368f",
                "16-35-34_WT7R_ctip2_topro_2-5x_0-085NA_4z_UltraII[03 x 02]_C00_xyz-Table Z0600.ome.tif:md5,470a01158003f74da5487468df0b2636",
                "16-35-34_WT7R_ctip2_topro_2-5x_0-085NA_4z_UltraII[03 x 02]_C00_xyz-Table Z0601.ome.tif:md5,d1db4fea718b9fd83919a5ccb64ace9c",
                "16-35-34_WT7R_ctip2_topro_2-5x_0-085NA_4z_UltraII[03 x 02]_C00_xyz-Table Z0602.ome.tif:md5,6c94577471e6a2815e0794a5bbe49e74",
                "16-35-34_WT7R_ctip2_topro_2-5x_0-085NA_4z_UltraII[03 x 02]_C00_xyz-Table Z0603.ome.tif:md5,6ade6266d67a56a58e3048e2a41be71a",
                "16-35-34_WT7R_ctip2_topro_2-5x_0-085NA_4z_UltraII[03 x 02]_C00_xyz-Table Z0604.ome.tif:md5,257b58f4f237270955636afa5e7c158d",
                "16-35-34_WT7R_ctip2_topro_2-5x_0-085NA_4z_UltraII[03 x 02]_C00_xyz-Table Z0605.ome.tif:md5,17712054bba72efe4b3f8b4d9df2a5a0",
                "16-35-34_WT7R_ctip2_topro_2-5x_0-085NA_4z_UltraII[03 x 02]_C00_xyz-Table Z0606.ome.tif:md5,f7f3ae40f70ec469eab77342eaa57bf3",
                "16-35-34_WT7R_ctip2_topro_2-5x_0-085NA_4z_UltraII[03 x 02]_C00_xyz-Table Z0607.ome.tif:md5,f1e4b447bc37ce937eb2e3023fdae094",
                "16-35-34_WT7R_ctip2_topro_2-5x_0-085NA_4z_UltraII[03 x 02]_C00_xyz-Table Z0608.ome.tif:md5,146321d14232cb1de14d8e044f11e4ce",
                "16-35-34_WT7R_ctip2_topro_2-5x_0-085NA_4z_UltraII[03 x 02]_C00_xyz-Table Z0609.ome.tif:md5,d929b4c176abf03e4851dcfbc8a1ed16",
                "16-35-34_WT7R_ctip2_topro_2-5x_0-085NA_4z_UltraII[03 x 02]_C00_xyz-Table Z0610.ome.tif:md5,27551d9576ed4440e918a2ec60f94931",
                "16-35-34_WT7R_ctip2_topro_2-5x_0-085NA_4z_UltraII[03 x 02]_C00_xyz-Table Z0611.ome.tif:md5,9d6cfafc558e5b66d18add3dfeec4244",
                "16-35-34_WT7R_ctip2_topro_2-5x_0-085NA_4z_UltraII[03 x 02]_C00_xyz-Table Z0612.ome.tif:md5,a82162ce680f1928cd5416ac153d36df",
                "16-35-34_WT7R_ctip2_topro_2-5x_0-085NA_4z_UltraII[03 x 02]_C00_xyz-Table Z0613.ome.tif:md5,978119009ed5da3eb9a631b2a5021064",
                "16-35-34_WT7R_ctip2_topro_2-5x_0-085NA_4z_UltraII[03 x 02]_C00_xyz-Table Z0614.ome.tif:md5,47b2b4621a171697d1218b3e10a858ae",
                "16-35-34_WT7R_ctip2_topro_2-5x_0-085NA_4z_UltraII[03 x 02]_C00_xyz-Table Z0615.ome.tif:md5,fa1c2d7b56aa0525230d0f56af1ee75b",
                "16-35-34_WT7R_ctip2_topro_2-5x_0-085NA_4z_UltraII[03 x 02]_C00_xyz-Table Z0616.ome.tif:md5,e8d10bb1281b05cb1975b78551c598d1",
                "16-35-34_WT7R_ctip2_topro_2-5x_0-085NA_4z_UltraII[03 x 02]_C00_xyz-Table Z0617.ome.tif:md5,23fc1d734e784d7402adf73cd4ee1021",
                "16-35-34_WT7R_ctip2_topro_2-5x_0-085NA_4z_UltraII[03 x 02]_C00_xyz-Table Z0618.ome.tif:md5,eed98be51b025745b4de480655e60d05",
                "16-35-34_WT7R_ctip2_topro_2-5x_0-085NA_4z_UltraII[03 x 02]_C00_xyz-Table Z0619.ome.tif:md5,323f21c8bba1649c278d83de9d3d1f25",
                "16-35-34_WT7R_ctip2_topro_2-5x_0-085NA_4z_UltraII[03 x 02]_C00_xyz-Table Z0620.ome.tif:md5,3cd96aa2914b28a9dc7c6b8bc7dcc8ec",
                "16-35-34_WT7R_ctip2_topro_2-5x_0-085NA_4z_UltraII[03 x 02]_C01_xyz-Table Z0600.ome.tif:md5,7074583255da8071c6233a6064087bfb",
                "16-35-34_WT7R_ctip2_topro_2-5x_0-085NA_4z_UltraII[03 x 02]_C01_xyz-Table Z0601.ome.tif:md5,e8930f83802ca0b442284d60d4b2d211",
                "16-35-34_WT7R_ctip2_topro_2-5x_0-085NA_4z_UltraII[03 x 02]_C01_xyz-Table Z0602.ome.tif:md5,93af177e91edb8cafe21edb7958f58e4",
                "16-35-34_WT7R_ctip2_topro_2-5x_0-085NA_4z_UltraII[03 x 02]_C01_xyz-Table Z0603.ome.tif:md5,ba56a8717423e049f26b4bfa21f9b7c9",
                "16-35-34_WT7R_ctip2_topro_2-5x_0-085NA_4z_UltraII[03 x 02]_C01_xyz-Table Z0604.ome.tif:md5,4272e5a94329724beaec8b3332dc59be",
                "16-35-34_WT7R_ctip2_topro_2-5x_0-085NA_4z_UltraII[03 x 02]_C01_xyz-Table Z0605.ome.tif:md5,952779032aa0d5ddd9d937a7dc0ee4b0",
                "16-35-34_WT7R_ctip2_topro_2-5x_0-085NA_4z_UltraII[03 x 02]_C01_xyz-Table Z0606.ome.tif:md5,98ef1216a3cf6b1c85e69cf493dfa19b",
                "16-35-34_WT7R_ctip2_topro_2-5x_0-085NA_4z_UltraII[03 x 02]_C01_xyz-Table Z0607.ome.tif:md5,1a485230e224f4084f9f59024f4aa065",
                "16-35-34_WT7R_ctip2_topro_2-5x_0-085NA_4z_UltraII[03 x 02]_C01_xyz-Table Z0608.ome.tif:md5,902cdfb1da488a8c19dfbf0778de4087",
                "16-35-34_WT7R_ctip2_topro_2-5x_0-085NA_4z_UltraII[03 x 02]_C01_xyz-Table Z0609.ome.tif:md5,aea06540f31dd74e7691121a17093a5b",
                "16-35-34_WT7R_ctip2_topro_2-5x_0-085NA_4z_UltraII[03 x 02]_C01_xyz-Table Z0610.ome.tif:md5,635f536ceb784170799fc91000cbaa6b",
                "16-35-34_WT7R_ctip2_topro_2-5x_0-085NA_4z_UltraII[03 x 02]_C01_xyz-Table Z0611.ome.tif:md5,cf4a370b59b260c6af3a48fc8c84ced2",
                "16-35-34_WT7R_ctip2_topro_2-5x_0-085NA_4z_UltraII[03 x 02]_C01_xyz-Table Z0612.ome.tif:md5,3e4ae7181947ab3757ec5a2f67e3b472",
                "16-35-34_WT7R_ctip2_topro_2-5x_0-085NA_4z_UltraII[03 x 02]_C01_xyz-Table Z0613.ome.tif:md5,708e4e1a9fb160de9d0c65af62180846",
                "16-35-34_WT7R_ctip2_topro_2-5x_0-085NA_4z_UltraII[03 x 02]_C01_xyz-Table Z0614.ome.tif:md5,81df70b026bbfe96f4258d0e416e427c",
                "16-35-34_WT7R_ctip2_topro_2-5x_0-085NA_4z_UltraII[03 x 02]_C01_xyz-Table Z0615.ome.tif:md5,8ce34f974d150ce382b0eecb3dbb5898",
                "16-35-34_WT7R_ctip2_topro_2-5x_0-085NA_4z_UltraII[03 x 02]_C01_xyz-Table Z0616.ome.tif:md5,95012622f95a3cfd0bc1327dcc34e0b2",
                "16-35-34_WT7R_ctip2_topro_2-5x_0-085NA_4z_UltraII[03 x 02]_C01_xyz-Table Z0617.ome.tif:md5,ad1983f5f6003d0f661c17f6e0b60bec",
                "16-35-34_WT7R_ctip2_topro_2-5x_0-085NA_4z_UltraII[03 x 02]_C01_xyz-Table Z0618.ome.tif:md5,51d6ebe4eb88704d8ca67561d47c95b8",
                "16-35-34_WT7R_ctip2_topro_2-5x_0-085NA_4z_UltraII[03 x 02]_C01_xyz-Table Z0619.ome.tif:md5,6900929ad8dfd3f0c8b0dce5f59dd4a5",
                "16-35-34_WT7R_ctip2_topro_2-5x_0-085NA_4z_UltraII[03 x 02]_C01_xyz-Table Z0620.ome.tif:md5,b3009a2a6736171b8f28c0630b85a606",
                "16-35-34_WT7R_ctip2_topro_2-5x_0-085NA_4z_UltraII[03 x 03]_C00_xyz-Table Z0600.ome.tif:md5,57c619f503078739317641848f6eb69a",
                "16-35-34_WT7R_ctip2_topro_2-5x_0-085NA_4z_UltraII[03 x 03]_C00_xyz-Table Z0601.ome.tif:md5,3d9baf2a67581d72194f0354154b120f",
                "16-35-34_WT7R_ctip2_topro_2-5x_0-085NA_4z_UltraII[03 x 03]_C00_xyz-Table Z0602.ome.tif:md5,6674132080cfabfc639be9c80ec9090f",
                "16-35-34_WT7R_ctip2_topro_2-5x_0-085NA_4z_UltraII[03 x 03]_C00_xyz-Table Z0603.ome.tif:md5,419080c6ec0578bcde19a9f4360535b2",
                "16-35-34_WT7R_ctip2_topro_2-5x_0-085NA_4z_UltraII[03 x 03]_C00_xyz-Table Z0604.ome.tif:md5,9314465994d55011eba9e1239c5b855c",
                "16-35-34_WT7R_ctip2_topro_2-5x_0-085NA_4z_UltraII[03 x 03]_C00_xyz-Table Z0605.ome.tif:md5,dd044d2d61d337935b1c66b4286bc8bf",
                "16-35-34_WT7R_ctip2_topro_2-5x_0-085NA_4z_UltraII[03 x 03]_C00_xyz-Table Z0606.ome.tif:md5,f44e51b79aeca18e62e5284a4e74e244",
                "16-35-34_WT7R_ctip2_topro_2-5x_0-085NA_4z_UltraII[03 x 03]_C00_xyz-Table Z0607.ome.tif:md5,ea5e1bace16ea20be45fdb4562a5ad64",
                "16-35-34_WT7R_ctip2_topro_2-5x_0-085NA_4z_UltraII[03 x 03]_C00_xyz-Table Z0608.ome.tif:md5,f3cf28bf23ca3d2fb8611a80d2fcfe10",
                "16-35-34_WT7R_ctip2_topro_2-5x_0-085NA_4z_UltraII[03 x 03]_C00_xyz-Table Z0609.ome.tif:md5,cdb745f3ccfac5b309d22c08570deb24",
                "16-35-34_WT7R_ctip2_topro_2-5x_0-085NA_4z_UltraII[03 x 03]_C00_xyz-Table Z0610.ome.tif:md5,3dc41f65c22c81e6f5b12277c6b827fa",
                "16-35-34_WT7R_ctip2_topro_2-5x_0-085NA_4z_UltraII[03 x 03]_C00_xyz-Table Z0611.ome.tif:md5,28c4b3e6a9c93957da94fce9c4b949d1",
                "16-35-34_WT7R_ctip2_topro_2-5x_0-085NA_4z_UltraII[03 x 03]_C00_xyz-Table Z0612.ome.tif:md5,0070c463e9928492053bd1b88b617bdf",
                "16-35-34_WT7R_ctip2_topro_2-5x_0-085NA_4z_UltraII[03 x 03]_C00_xyz-Table Z0613.ome.tif:md5,a21b3c78191aaa5d78f51c6627041f72",
                "16-35-34_WT7R_ctip2_topro_2-5x_0-085NA_4z_UltraII[03 x 03]_C00_xyz-Table Z0614.ome.tif:md5,0a5f43af602e48341eb621a7dfc5c4f4",
                "16-35-34_WT7R_ctip2_topro_2-5x_0-085NA_4z_UltraII[03 x 03]_C00_xyz-Table Z0615.ome.tif:md5,d6f4ee9ef8a93cc6b977f3231840d8e8",
                "16-35-34_WT7R_ctip2_topro_2-5x_0-085NA_4z_UltraII[03 x 03]_C00_xyz-Table Z0616.ome.tif:md5,913744509efac629fbd14c648b30b2c1",
                "16-35-34_WT7R_ctip2_topro_2-5x_0-085NA_4z_UltraII[03 x 03]_C00_xyz-Table Z0617.ome.tif:md5,70db6c8f0dfb7607d8aada3ff813edc2",
                "16-35-34_WT7R_ctip2_topro_2-5x_0-085NA_4z_UltraII[03 x 03]_C00_xyz-Table Z0618.ome.tif:md5,38ab5e5448b69d7808e6fe1c888fdde5",
                "16-35-34_WT7R_ctip2_topro_2-5x_0-085NA_4z_UltraII[03 x 03]_C00_xyz-Table Z0619.ome.tif:md5,21f540d85c3395b11d2146a858088b1a",
                "16-35-34_WT7R_ctip2_topro_2-5x_0-085NA_4z_UltraII[03 x 03]_C00_xyz-Table Z0620.ome.tif:md5,4bb6c7de160539b3db5485fa6944109a",
                "16-35-34_WT7R_ctip2_topro_2-5x_0-085NA_4z_UltraII[03 x 03]_C01_xyz-Table Z0600.ome.tif:md5,152931c5d09894e74e3216b62e6d1446",
                "16-35-34_WT7R_ctip2_topro_2-5x_0-085NA_4z_UltraII[03 x 03]_C01_xyz-Table Z0601.ome.tif:md5,c9af3b9a2044760bd5ad2ff912ad9076",
                "16-35-34_WT7R_ctip2_topro_2-5x_0-085NA_4z_UltraII[03 x 03]_C01_xyz-Table Z0602.ome.tif:md5,9afd8c433a4c12e9ffb2e7ef72d665f3",
                "16-35-34_WT7R_ctip2_topro_2-5x_0-085NA_4z_UltraII[03 x 03]_C01_xyz-Table Z0603.ome.tif:md5,0390cf7ce133f1b04946341973eeb29c",
                "16-35-34_WT7R_ctip2_topro_2-5x_0-085NA_4z_UltraII[03 x 03]_C01_xyz-Table Z0604.ome.tif:md5,114aa0fff83db1e693a73ac9a9e795c0",
                "16-35-34_WT7R_ctip2_topro_2-5x_0-085NA_4z_UltraII[03 x 03]_C01_xyz-Table Z0605.ome.tif:md5,d801111f07bedfbb9508bfed1e5f8d0a",
                "16-35-34_WT7R_ctip2_topro_2-5x_0-085NA_4z_UltraII[03 x 03]_C01_xyz-Table Z0606.ome.tif:md5,c4dcf031c9f33da4a1261324f212103a",
                "16-35-34_WT7R_ctip2_topro_2-5x_0-085NA_4z_UltraII[03 x 03]_C01_xyz-Table Z0607.ome.tif:md5,467f11413dbd56cd2e781003b3973e87",
                "16-35-34_WT7R_ctip2_topro_2-5x_0-085NA_4z_UltraII[03 x 03]_C01_xyz-Table Z0608.ome.tif:md5,89f163ab69b8a66bbc4bc9c17880cba0",
                "16-35-34_WT7R_ctip2_topro_2-5x_0-085NA_4z_UltraII[03 x 03]_C01_xyz-Table Z0609.ome.tif:md5,8d329fb7ca37b261bf419c114bcc3775",
                "16-35-34_WT7R_ctip2_topro_2-5x_0-085NA_4z_UltraII[03 x 03]_C01_xyz-Table Z0610.ome.tif:md5,486dad8db46e853eee60dccfc716b543",
                "16-35-34_WT7R_ctip2_topro_2-5x_0-085NA_4z_UltraII[03 x 03]_C01_xyz-Table Z0611.ome.tif:md5,3a4caf7fab942a5eb0a8666a86c4552e",
                "16-35-34_WT7R_ctip2_topro_2-5x_0-085NA_4z_UltraII[03 x 03]_C01_xyz-Table Z0612.ome.tif:md5,7781ff916dfae4f9b8093d04d2e5ddd6",
                "16-35-34_WT7R_ctip2_topro_2-5x_0-085NA_4z_UltraII[03 x 03]_C01_xyz-Table Z0613.ome.tif:md5,93269be5f9ba1e07b2ee253f9f9574d9",
                "16-35-34_WT7R_ctip2_topro_2-5x_0-085NA_4z_UltraII[03 x 03]_C01_xyz-Table Z0614.ome.tif:md5,013f6d3ea185745eb2e02c05f3418eaf",
                "16-35-34_WT7R_ctip2_topro_2-5x_0-085NA_4z_UltraII[03 x 03]_C01_xyz-Table Z0615.ome.tif:md5,c59a5b5dd08bf4acfa0f954e25c5419f",
                "16-35-34_WT7R_ctip2_topro_2-5x_0-085NA_4z_UltraII[03 x 03]_C01_xyz-Table Z0616.ome.tif:md5,9b122cba54fb3d8f2f3f7a9df7b9821b",
                "16-35-34_WT7R_ctip2_topro_2-5x_0-085NA_4z_UltraII[03 x 03]_C01_xyz-Table Z0617.ome.tif:md5,fa8f8bef57029e14c0eb6daf7bab2886",
                "16-35-34_WT7R_ctip2_topro_2-5x_0-085NA_4z_UltraII[03 x 03]_C01_xyz-Table Z0618.ome.tif:md5,d316f89e3752621cb93bf8de1f694000",
                "16-35-34_WT7R_ctip2_topro_2-5x_0-085NA_4z_UltraII[03 x 03]_C01_xyz-Table Z0619.ome.tif:md5,43d0386b21d9f6a36c209dc3ab60d1cc",
                "16-35-34_WT7R_ctip2_topro_2-5x_0-085NA_4z_UltraII[03 x 03]_C01_xyz-Table Z0620.ome.tif:md5,b4f4be8e38b3b84dcd1a34a2b1968abc"
            ]
        ],
        "timestamp": "2026-03-20T15:29:36.408051204",
        "meta": {
            "nf-test": "0.9.4",
            "nextflow": "25.10.3"
        }
    },
    "numorph intensity and stitch stub": {
        "content": [
            7,
            [
                "mat2json",
                "mat2json/numorph_stitch",
                "mat2json/numorph_stitch/TEST1",
                "mat2json/numorph_stitch/TEST1/TEST1.json",
                "numorph_intensity",
                "numorph_intensity/TEST1",
                "numorph_intensity/TEST1/NM_variables.mat",
                "numorph_intensity/TEST1/samples",
                "numorph_intensity/TEST1/samples/intensity_adjustment",
                "numorph_intensity/TEST1/samples/intensity_adjustment/TEST1.png",
                "numorph_intensity/TEST1/variables",
                "numorph_intensity/TEST1/variables/adj_params.mat",
                "numorph_intensity/TEST1/variables/path_table.mat",
                "numorph_intensity/TEST1/variables/thresholds.mat",
                "numorphstitch",
                "numorphstitch/TEST1",
                "numorphstitch/TEST1/NM_variables.mat",
                "numorphstitch/TEST1/stitched",
                "numorphstitch/TEST1/stitched/TEST1_stitched.tif",
                "numorphstitch/TEST1/variables",
                "numorphstitch/TEST1/variables/adjusted_z.mat",
                "numorphstitch/TEST1/variables/path_table.mat",
                "numorphstitch/TEST1/variables/stitch_tforms.mat",
                "numorphstitch/TEST1/variables/z_dips_matrix.mat",
                "pipeline_info",
                "unzip",
                "unzip/TEST1"
            ],
            [
                "TEST1.json:md5,d41d8cd98f00b204e9800998ecf8427e"
            ]
        ],
        "timestamp": "2026-03-20T15:36:06.846697581",
        "meta": {
            "nf-test": "0.9.4",
            "nextflow": "25.10.3"
        }
    }
}