{
    "ARA registration stub test": {
        "content": [
            {
                "0": [
                    [
                        {
                            "id": "TEST1"
                        },
                        [
                            "TEST1_mask.mat:md5,d41d8cd98f00b204e9800998ecf8427e",
                            "reg_params.mat:md5,d41d8cd98f00b204e9800998ecf8427e"
                        ]
                    ]
                ],
                "1": [
                    [
                        {
                            "id": "TEST1"
                        },
                        [
                            "TEST1_registered.tif:md5,d41d8cd98f00b204e9800998ecf8427e"
                        ]
                    ]
                ],
                "2": [
                    [
                        {
                            "id": "TEST1"
                        },
                        "NM_variables.mat:md5,d41d8cd98f00b204e9800998ecf8427e"
                    ]
                ],
                "NM_variable": [
                    [
                        {
                            "id": "TEST1"
                        },
                        "NM_variables.mat:md5,d41d8cd98f00b204e9800998ecf8427e"
                    ]
                ],
                "registered": [
                    [
                        {
                            "id": "TEST1"
                        },
                        [
                            "TEST1_registered.tif:md5,d41d8cd98f00b204e9800998ecf8427e"
                        ]
                    ]
                ],
                "variables": [
                    [
                        {
                            "id": "TEST1"
                        },
                        [
                            "TEST1_mask.mat:md5,d41d8cd98f00b204e9800998ecf8427e",
                            "reg_params.mat:md5,d41d8cd98f00b204e9800998ecf8427e"
                        ]
                    ]
                ]
            }
        ],
        "timestamp": "2026-03-23T11:13:30.487550704",
        "meta": {
            "nf-test": "0.9.4",
            "nextflow": "25.10.3"
        }
    }
}